[ribegatan.se/index.html]
[backblue.gif]
[fade.gif]
[index.html]
[ribegatan.se/css/swglobal.css]
[ribegatan.se/Soekresultat2a3b.html]
[ribegatan.se/res/Standard/bakgrund-3.gif]
[ribegatan.se/res/Standard/filler1.png]
[ribegatan.se/Vaelkommen.html]
[ribegatan.se/index-2.html]
[ribegatan.se/res/Standard/ribehead.png]
[ribegatan.se/res/Standard/filler_ligth_background.png]
[ribegatan.se/img/swspace.gif]
[ribegatan.se/img/gre/Knapp-1-Aktuellt_2.png]
[ribegatan.se/img/gre/Knapp-1-Vaelkommen.png]
[ribegatan.se/Samfaelligheten.html]
[ribegatan.se/img/gre/Knapp-1-Samfaelligheten.png]
[ribegatan.se/Kalendarium.html]
[ribegatan.se/img/gre/Knapp-1-Kalendarium.png]
[ribegatan.se/Husen.html]
[ribegatan.se/img/gre/Knapp-1-Husen.png]
[ribegatan.se/Indelning.html]
[ribegatan.se/img/gre/Knapp-1-Omraadet.png]
[ribegatan.se/Bilder-Historia.html]
[ribegatan.se/img/gre/Knapp-1-Bilder-Historia.png]
[ribegatan.se/Laenkar.html]
[ribegatan.se/img/gre/Knapp-1-Laenkar.png]
[ribegatan.se/res/Standard/filler_ligth_background-2.png]
[ribegatan.se/res/Standard/filler_text_background.png]
[ribegatan.se/res/protokoll/Styrelseprotokoll-konstituerande-2021-12-06.pdf]
[ribegatan.se/res/protokoll/Konstituerande-2024-12-16.pdf]
[ribegatan.se/res/protokoll/Konstituerande-Styrelseprotokoll-2023-12-18.pdf]
[ribegatan.se/res/protokoll/Protokoll-2012-05-15.pdf]
[ribegatan.se/res/Stammoprotokoll/Protokoll_Arstamma-2015-11-26.pdf]
[ribegatan.se/res/Stammoprotokoll/Aarsstaemma_2016-11-24.pdf]
[ribegatan.se/res/Stammoprotokoll/Aarsmoeteprotokoll_2017-11-23.pdf]
[ribegatan.se/res/Stammoprotokoll/Aarsstaemma-2018-11-29.pdf]
[ribegatan.se/res/Stammoprotokoll/Aarstaemmo-protokoll-2019-11-28.pdf]
[ribegatan.se/res/Stammoprotokoll/Protokoll-Aarssaemma-2020-11-26.pdf]
[ribegatan.se/res/Stammoprotokoll/Aarsstaemmoprotokoll-2022-11-24.pdf]
[ribegatan.se/res/Stammoprotokoll/Protokoll-aarsstaemma-14-12-2023.pdf]
[ribegatan.se/res/Stammoprotokoll/Protokoll-aarsstaemma-2024-11-28.pdf]
[ribegatan.se/res/Ribeinfo/Ribe-info-2024-nr-2.pdf]
[ribegatan.se/res/Ribeinfo/Ribeinfo-nr4-2022.pdf]
[ribegatan.se/res/Ribeinfo/Ribe-info-nr1-2023.pdf]
[ribegatan.se/res/Ribeinfo/Ribe-Info-2_2013.pdf]
[ribegatan.se/Blanketter.html]
[ribegatan.se/Aegarbyte.html]
[ribegatan.se/Grannsamverkan.html]
[ribegatan.se/res/Grannsamverkan/Foerebyggande-raad-och-tips-2013.pdf]
[ribegatan.se/Parkerings-bolag.html]
[ribegatan.se/Krypgrund.html]
[ribegatan.se/Snoeroejning.html]
[ribegatan.se/Faerg.html]
[ribegatan.se/img/gre/Etikett-6-Soek.png]
[ribegatan.se/img/gre/Etikett-7.png]
[ribegatan.se/img/gre/Avdelare-2.png]
[ribegatan.se/index.html]
[ribegatan.se/css/swglobal.css]
[ribegatan.se/css/swStandard.css]
[ribegatan.se/js/SearchResult.js]
[ribegatan.se/js/SearchResultData.js]
[ribegatan.se/js/swc_SearchResult_ID2B75A49457A0453680D92F8B00722603.js]
[ribegatan.se/img/gre/Knapp-1-Aktuellt.png]
[ribegatan.se/img/gre/Knapp-1-Vaelkommen_2.png]
[ribegatan.se/Information-till-boende.html]
[ribegatan.se/img/gre/Knapp-2-Information-till-boende.png]
[ribegatan.se/Soekresultat2a3b.html]
[ribegatan.se/res/Bilderhost/Ribehoest1.png]
[ribegatan.se/res/Bilderhost/Ribehoest1_2.png]
[ribegatan.se/res/Bilderhost/Ribehoest2.png]
[ribegatan.se/res/Bilderhost/Ribehoest2_2.png]
[ribegatan.se/res/Bilderhost/Ribehoest3.png]
[ribegatan.se/res/Bilderhost/Ribehoest3_2.png]
[ribegatan.se/Vaelkommen.html]
[ribegatan.se/index-2.html]
[ribegatan.se/img/gre/Knapp-1-Samfaelligheten_2.png]
[ribegatan.se/img/gre/Knapp-2-AegarbyteAegarfoeraendring.png]
[ribegatan.se/Foereningen.html]
[ribegatan.se/img/gre/Knapp-2-Foereningen.png]
[ribegatan.se/Styrelsen.html]
[ribegatan.se/img/gre/Knapp-2-Styrelsen.png]
[ribegatan.se/Avgift.html]
[ribegatan.se/img/gre/Knapp-2-Avgift.png]
[ribegatan.se/TV.html]
[ribegatan.se/img/gre/Knapp-2-TV-..png]
[ribegatan.se/Bredband.html]
[ribegatan.se/img/gre/Knapp-2-Bredband.png]
[ribegatan.se/Foermaaner.html]
[ribegatan.se/img/gre/Knapp-2-Foermaaner.png]
[ribegatan.se/img/gre/Knapp-2-Arkiv-Blanketter.png]
[ribegatan.se/Samfaelligheten.html]
[ribegatan.se/img/gre/Knapp-1-Kalendarium_2.png]
[ribegatan.se/Kalendarium.html]
[ribegatan.se/img/gre/Knapp-1-Husen_2.png]
[ribegatan.se/Foenster.html]
[ribegatan.se/img/gre/Knapp-2-Foenster.png]
[ribegatan.se/Panel.html]
[ribegatan.se/img/gre/Knapp-2-Panel.png]
[ribegatan.se/img/gre/Knapp-2-Faerg.png]
[ribegatan.se/Vaerme-vatten.html]
[ribegatan.se/img/gre/Knapp-2-Vaerme-vatten.png]
[ribegatan.se/Termostat.html]
[ribegatan.se/img/gre/Knapp-2-Termostat.png]
[ribegatan.se/img/gre/Knapp-2-Krypgrund.png]
[ribegatan.se/Byggnationer.html]
[ribegatan.se/img/gre/Knapp-2-Bygglov.png]
[ribegatan.se/Takflaekt.html]
[ribegatan.se/Husen.html]
[ribegatan.se/img/gre/Knapp-2-Takflaekt.png]
[ribegatan.se/img/gre/Knapp-1-Omraadet_2.png]
[ribegatan.se/img/gre/Knapp-2-Indelning_2.png]
[ribegatan.se/Karta.html]
[ribegatan.se/img/gre/Knapp-2-Karta.png]
[ribegatan.se/Skoetsel.html]
[ribegatan.se/img/gre/Knapp-2-Skoetsel.png]
[ribegatan.se/Biltrafik.html]
[ribegatan.se/img/gre/Knapp-2-Fordon-i-omraadet.png]
[ribegatan.se/Sophaemtning.html]
[ribegatan.se/img/gre/Knapp-2-Avfall.png]
[ribegatan.se/Tvaettstugor-traefflokaler.html]
[ribegatan.se/img/gre/Knapp-2-Tvaettstugor-traefflokaler.png]
[ribegatan.se/img/gre/Knapp-2-Grannsamverkan.png]
[ribegatan.se/img/gre/Knapp-2-Snoeroejning.png]
[ribegatan.se/Oevrigakontaktpersoner.html]
[ribegatan.se/Indelning.html]
[ribegatan.se/img/gre/Knapp-1-Bilder-Historia_2.png]
[ribegatan.se/img/gre/Knapp-2-Historik_2.png]
[ribegatan.se/Byggstart-Ribe-Februari-1979.html]
[ribegatan.se/img/gre/Knapp-2-Byggstart-Ribe-Februari-1979.png]
[ribegatan.se/Bygge-lekplats.html]
[ribegatan.se/img/gre/Knapp-2-Bygge-lekplats.png]
[ribegatan.se/res/Historik/bygge_storaochsma.gif]
[ribegatan.se/res/Historik/bygge_lotta_fortaring.gif]
[ribegatan.se/res/Historik/bygge_leffe_paus.gif]
[ribegatan.se/Bilder-Historia.html]
[ribegatan.se/img/gre/Knapp-1-Laenkar_2.png]
[ribegatan.se/Laenkar.html]
[ribegatan.se/admin/sd_admin_client.js]
[ribegatan.se/img/gre/Knapp-2-Arkiv-Blanketter_2.png]
[ribegatan.se/img/gre/Knapp-2-Blanketter_2.png]
[ribegatan.se/Blanketter.html]
[ribegatan.se/res/Blanketter/Aegarbyte_2023-08-02.pdf]
[ribegatan.se/img/gre/Knapp-2-AegarbyteAegarfoeraendring_2.png]
[ribegatan.se/Energideklaration.html]
[ribegatan.se/img/gre/Knapp-2-Energideklaration.png]
[ribegatan.se/Maeklarinfo.html]
[ribegatan.se/img/gre/Knapp-2-Maeklarinfo.png]
[ribegatan.se/Aegarbyte.html]
[ribegatan.se/img/gre/Knapp-2-Indelning.png]
[ribegatan.se/img/gre/Knapp-2-Grannsamverkan_2.png]
[ribegatan.se/res/Grannsamverkan/c-prof_konsumentbrosch2013.pdf]
[ribegatan.se/res/Grannsamverkan/Utan-tillfalle-inget-brott.pdf]
[ribegatan.se/res/Grannsamverkan/P1030922.png]
[ribegatan.se/res/Tillfalligtmaterial/forebygg_grannsamverkan.pdf]
[ribegatan.se/Grannsamverkan.html]
[ribegatan.se/img/gre/Knapp-2-Fordon-i-omraadet_2.png]
[ribegatan.se/img/gre/Knapp-2-Biltrafik.png]
[ribegatan.se/Garage.html]
[ribegatan.se/img/gre/Knapp-2-Garage.png]
[ribegatan.se/Parkering.html]
[ribegatan.se/img/gre/Knapp-2-Besoeks-parkering.png]
[ribegatan.se/Biltrafikgarageochutomhusparkering.html]
[ribegatan.se/img/gre/Knapp-2-Extra-garageplats.png]
[ribegatan.se/img/gre/Knapp-2-Parkerings-bolag_2.png]
[ribegatan.se/Parkerings-bolag.html]
[ribegatan.se/img/gre/Knapp-2-Krypgrund_2.png]
[ribegatan.se/Krypgrund.html]
[ribegatan.se/res/Husgrunder/INSP-RIBE_uppdaterad_bilder_paa_alla_haenvisningar.pdf]
[ribegatan.se/img/gre/Knapp-2-Snoeroejning_2.png]
[ribegatan.se/Snoeroejning.html]
[ribegatan.se/img/gre/Knapp-2-Faerg_2.png]
[ribegatan.se/Faerg.html]
[ribegatan.se/img/gre/Knapp-2-Information-till-boende_2.png]
[ribegatan.se/res/Boendeinformation/Info-till-boende-2016.pdf]
[ribegatan.se/Information-till-boende.html]
[ribegatan.se/Ribehoest1.html]
[ribegatan.se/Ribehoest2.html]
[ribegatan.se/Ribehoest3.html]
[ribegatan.se/img/gre/Knapp-2-Foereningen_2.png]
[ribegatan.se/Stadgar.html]
[ribegatan.se/img/gre/Knapp-2-Stadgar.png]
[ribegatan.se/Anlaeggningar.html]
[ribegatan.se/img/gre/Knapp-2-Anlaeggningar.png]
[ribegatan.se/Styrelseprotokoll.html]
[ribegatan.se/img/gre/Knapp-2-Styrelseprotokoll.png]
[ribegatan.se/Staemmoprotokoll.html]
[ribegatan.se/img/gre/Knapp-2-Staemmoprotokoll.png]
[ribegatan.se/NyhetsbrevetRibeInfo.html]
[ribegatan.se/img/gre/Knapp-2-NyhetsbrevetRibeInfo.png]
[ribegatan.se/Bygglov.html]
[ribegatan.se/Foereningen.html]
[ribegatan.se/Styrelsemedlemmar-revisorer.html]
[ribegatan.se/img/gre/Knapp-2-Styrelsen_2.png]
[ribegatan.se/img/gre/Knapp-2-Styrelsemedlemmar-revisorer.png]
[ribegatan.se/img/gre/Knapp-2-Oevrigakontaktpersoner.png]
[ribegatan.se/Styrelsen.html]
[ribegatan.se/img/gre/Knapp-2-Avgift_2.png]
[ribegatan.se/Avgift.html]
[ribegatan.se/img/gre/Knapp-2-TV-._2.png]
[ribegatan.se/TV.html]
[ribegatan.se/img/gre/Knapp-2-Bredband_2.png]
[ribegatan.se/Bredband.html]
[ribegatan.se/img/gre/Knapp-2-Foermaaner_2.png]
[ribegatan.se/Foermaaner.html]
[ribegatan.se/res/Rabatter/regionala_medlemsformaner_2007.pdf]
[ribegatan.se/img/gre/Knapp-2-Foenster_2.png]
[ribegatan.se/res/Renovering/fonsterrenovering.pdf]
[ribegatan.se/res/Renovering/vindue1.gif]
[ribegatan.se/res/Renovering/vindue2.gif]
[ribegatan.se/res/Renovering/bottenstycke.jpg]
[ribegatan.se/res/Renovering/dropplist.gif]
[ribegatan.se/res/Renovering/vindue3.gif]
[ribegatan.se/res/Renovering/vindue4.gif]
[ribegatan.se/res/Renovering/vindue5.gif]
[ribegatan.se/res/Renovering/vindue6.gif]
[ribegatan.se/res/Renovering/vindue7.gif]
[ribegatan.se/res/Renovering/vindue8.gif]
[ribegatan.se/res/Renovering/vindue9.gif]
[ribegatan.se/res/Renovering/vindue10.gif]
[ribegatan.se/res/Renovering/vindue11.gif]
[ribegatan.se/res/Renovering/urban.jpg]
[ribegatan.se/Foenster.html]
[ribegatan.se/img/gre/Knapp-2-Panel_2.png]
[ribegatan.se/res/Bilderallmant/kalad_ribelakt_liten.gif]
[ribegatan.se/Panel.html]
[ribegatan.se/img/gre/Knapp-2-Vaerme-vatten_2.png]
[ribegatan.se/res/Varmeochvatten/Ribe-SFF-Vaerme-Vattenfoerbrukning-2017-10-12.pdf]
[ribegatan.se/res/Varmeochvatten/skisspamatarskap.pdf]
[ribegatan.se/Vaerme-vatten.html]
[ribegatan.se/img/gre/Knapp-2-Termostat_2.png]
[ribegatan.se/Termostat.html]
[ribegatan.se/res/Varmeochvatten/Instruktion-lufta-radiatorer.pdf]
[ribegatan.se/img/gre/Knapp-2-Bygglov_2.png]
[ribegatan.se/Byggnationer.html]
[ribegatan.se/img/gre/Knapp-2-Takflaekt_2.png]
[ribegatan.se/res/Renovering/Lagerbyte-flaektmotor.pdf]
[ribegatan.se/Takflaekt.html]
[ribegatan.se/img/gre/Knapp-2-Karta_2.png]
[ribegatan.se/res/Karta/ribekarta.pdf]
[ribegatan.se/res/Karta/ribekarta.gif]
[ribegatan.se/Karta.html]
[ribegatan.se/img/gre/Knapp-2-Skoetsel_2.png]
[ribegatan.se/Skoetsel.html]
[ribegatan.se/img/gre/Knapp-2-Biltrafik_2.png]
[ribegatan.se/img/gre/Knapp-2-Parkerings-bolag.png]
[ribegatan.se/Biltrafik.html]
[ribegatan.se/img/gre/Knapp-2-Avfall_2.png]
[ribegatan.se/img/gre/Knapp-2-Sophaemtning_2.png]
[ribegatan.se/Aatervinning.html]
[ribegatan.se/img/gre/Knapp-2-Aatervinning.png]
[ribegatan.se/Sophaemtning.html]
[ribegatan.se/img/gre/Knapp-2-Tvaettstugor-traefflokaler_2.png]
[ribegatan.se/Tvaettstugor-traefflokaler.html]
[ribegatan.se/img/gre/Knapp-2-Oevrigakontaktpersoner_2.png]
[ribegatan.se/Oevrigakontaktpersoner.html]
[ribegatan.se/Ovrigakontaktpersoner.html]
[ribegatan.se/res/Bilderkvarteretbygg/histo_bild7.png]
[ribegatan.se/res/Bilderkvarteretbygg/histo_bild7_2.png]
[ribegatan.se/res/Bilderkvarteretbygg/byggstartribe.png]
[ribegatan.se/res/Bilderkvarteretbygg/byggstartribe_2.png]
[ribegatan.se/res/Bilderkvarteretbygg/histo_bild2.png]
[ribegatan.se/res/Bilderkvarteretbygg/histo_bild2_2.png]
[ribegatan.se/res/Bilderkvarteretbygg/histo_bild3.png]
[ribegatan.se/res/Bilderkvarteretbygg/histo_bild3_2.png]
[ribegatan.se/res/Bilderkvarteretbygg/histo_bild4.png]
[ribegatan.se/res/Bilderkvarteretbygg/histo_bild4_2.png]
[ribegatan.se/res/Bilderkvarteretbygg/histo_bild5.png]
[ribegatan.se/res/Bilderkvarteretbygg/histo_bild5_2.png]
[ribegatan.se/res/Bilderkvarteretbygg/histo_bild6.png]
[ribegatan.se/res/Bilderkvarteretbygg/histo_bild6_2.png]
[ribegatan.se/res/Standard/arrow_1_btn_prev.png]
[ribegatan.se/res/Standard/arrow_1_btn_next.png]
[ribegatan.se/img/gre/Knapp-2-Historik.png]
[ribegatan.se/img/gre/Knapp-2-Byggstart-Ribe-Februari-1979_2.png]
[ribegatan.se/res/Standard/bakgrund-2.gif]
[ribegatan.se/Byggstart-Ribe-Februari-1979.html]
[ribegatan.se/res/Bilderlekplats/8_lekplats3.png]
[ribegatan.se/res/Bilderlekplats/8_lekplats3_2.png]
[ribegatan.se/res/Bilderlekplats/1_planritningribe3lekplats.png]
[ribegatan.se/res/Bilderlekplats/1_planritningribe3lekplats_2.png]
[ribegatan.se/res/Bilderlekplats/2_lekplats3.png]
[ribegatan.se/res/Bilderlekplats/2_lekplats3_2.png]
[ribegatan.se/res/Bilderlekplats/3_lekplats3.png]
[ribegatan.se/res/Bilderlekplats/3_lekplats3_2.png]
[ribegatan.se/res/Bilderlekplats/4_lekplats3.png]
[ribegatan.se/res/Bilderlekplats/4_lekplats3_2.png]
[ribegatan.se/res/Bilderlekplats/5_lekplats3.png]
[ribegatan.se/res/Bilderlekplats/5_lekplats3_2.png]
[ribegatan.se/res/Bilderlekplats/6_lekplats3.png]
[ribegatan.se/res/Bilderlekplats/6_lekplats3_2.png]
[ribegatan.se/res/Bilderlekplats/7_lekplats3.png]
[ribegatan.se/res/Bilderlekplats/7_lekplats3_2.png]
[ribegatan.se/img/gre/Knapp-2-Bygge-lekplats_2.png]
[ribegatan.se/Bygge-lekplats.html]
[ribegatan.se/css/swRibeMeny.html]
[ribegatan.se/css/swMedlemsinfo.html]
[ribegatan.se/Ribegatan.html]
[ribegatan.se/img/gre/Knapp-2-Energideklaration_2.png]
[ribegatan.se/Energideklaration.html]
[ribegatan.se/img/gre/Knapp-2-Maeklarinfo_2.png]
[ribegatan.se/Maeklarinfo.html]
[ribegatan.se/img/gre/Knapp-2-Garage_2.png]
[ribegatan.se/res/Tillfalligtmaterial/ordningsregler_garage.pdf]
[ribegatan.se/Garage.html]
[ribegatan.se/img/gre/Knapp-2-Besoeks-parkering_2.png]
[ribegatan.se/Parkering.html]
[ribegatan.se/img/gre/Knapp-2-Extra-garageplats_2.png]
[ribegatan.se/Biltrafikgarageochutomhusparkering.html]
[ribegatan.se/img/gre/Knapp-2-Stadgar_2.png]
[ribegatan.se/Stadgar.html]
[ribegatan.se/img/gre/Knapp-2-Anlaeggningar_2.png]
[ribegatan.se/Anlaeggningar.html]
[ribegatan.se/img/gre/Knapp-2-Styrelseprotokoll_2.png]
[ribegatan.se/res/protokoll/Konstituerande-Styrelseprotokoll-2022-11-28.pdf]
[ribegatan.se/res/protokoll/Styrelseprotokoll-2023-10-16.pdf]
[ribegatan.se/res/protokoll/Protokoll-2024-10-07.pdf]
[ribegatan.se/res/protokoll/2024-09-16.pdf]
[ribegatan.se/res/protokoll/Protokoll-2024-08-23.pdf]
[ribegatan.se/res/protokoll/Protokoll_2024-06-17.pdf]
[ribegatan.se/res/protokoll/Protokoll-2024-04-15.jpg]
[ribegatan.se/res/protokoll/Protokoll-2024-02-19.pdf]
[ribegatan.se/res/protokoll/Styrelse-protokoll-2021-01-18.pdf]
[ribegatan.se/res/protokoll/Styrelseprotokoll-2023-09-21.pdf]
[ribegatan.se/res/protokoll/Styrelseprotokoll-2023-08-21.pdf]
[ribegatan.se/res/protokoll/Protokoll-2023-06-12.pdf]
[ribegatan.se/res/protokoll/Protokoll-2023-05-22.pdf]
[ribegatan.se/res/protokoll/Protokoll-2023-04-17.pdf]
[ribegatan.se/res/protokoll/Protokoll-2023-03-13.pdf]
[ribegatan.se/res/protokoll/Styrelseprotokoll-2023-02-13.pdf]
[ribegatan.se/res/protokoll/Styrelseprotokoll-2023-01-16.pdf]
[ribegatan.se/res/protokoll/Styrelseprotokoll-2021-11-08.pdf]
[ribegatan.se/res/protokoll/Styrelseprotokoll-2022-10-24.pdf]
[ribegatan.se/res/protokoll/Styrelseprotokoll-2021-10-18.pdf]
[ribegatan.se/res/protokoll/Styrelseprotokoll-2022-10-10.pdf]
[ribegatan.se/res/protokoll/Styrelseprotokol-2021-09-20.pdf]
[ribegatan.se/res/protokoll/Styrelseprotokoll-2022-08-22.pdf]
[ribegatan.se/res/protokoll/Styrelseprotokoll-2021-08-23.pdf]
[ribegatan.se/res/protokoll/Styrelseprotokoll-2022-06-13.pdf]
[ribegatan.se/res/protokoll/Styrelseprotokoll-2021-06-14.pdf]
[ribegatan.se/res/protokoll/Stryrelseprotkoll-2022-05-09.pdf]
[ribegatan.se/res/protokoll/Styrelseprotokoll-2021-05-10.pdf]
[ribegatan.se/res/protokoll/Styrelseprotokoll-2022-04-11.pdf]
[ribegatan.se/res/protokoll/Styrelseprotokoll-2021-04-12.pdf]
[ribegatan.se/res/protokoll/Styrelseprotokoll-2022-03-21.pdf]
[ribegatan.se/res/protokoll/Styrelseprotokoll-2021-03-15.pdf]
[ribegatan.se/res/protokoll/Styrelseprotokoll-2022-02-22.pdf]
[ribegatan.se/res/protokoll/Styrelse-protokoll-2021-02-15.pdf]
[ribegatan.se/res/protokoll/Styrelseprotokoll-2022-01-17.pdf]
[ribegatan.se/res/protokoll/Protokoll-Konstiuerande-2020-12-07.pdf]
[ribegatan.se/res/protokoll/Protokoll-2019-11-04.pdf]
[ribegatan.se/res/protokoll/Protokoll-2020-11-17-extra.pdf]
[ribegatan.se/res/protokoll/Protokoll-2020-10-12.pdf]
[ribegatan.se/res/protokoll/Protokoll-2020-09-21.pdf]
[ribegatan.se/res/protokoll/Protokoll-2020-08-24.pdf]
[ribegatan.se/res/protokoll/Protokoll-2020-06-08.pdf]
[ribegatan.se/res/protokoll/Protokoll-2020-05-11.pdf]
[ribegatan.se/res/protokoll/Protokoll-2020-04-20.pdf]
[ribegatan.se/res/protokoll/Protokoll-2020-02-19.pdf]
[ribegatan.se/res/protokoll/Protokoll-2020-01-20.pdf]
[ribegatan.se/res/protokoll/Protokoll-konstituerande-2019-12-02.pdf]
[ribegatan.se/res/protokoll/Protokoll-Konstituerande-2018-12-11.pdf]
[ribegatan.se/res/protokoll/Protokoll-2019-10-14.pdf]
[ribegatan.se/res/protokoll/Protokoll-2019-09-16.pdf]
[ribegatan.se/res/protokoll/Protokoll-2019-08-19.pdf]
[ribegatan.se/res/protokoll/Protokoll-2019-06-10.pdf]
[ribegatan.se/res/protokoll/Protokoll-2019-05-13.pdf]
[ribegatan.se/res/protokoll/Protokoll-2019-04-11.pdf]
[ribegatan.se/res/protokoll/Protokoll-2019-03-11.pdf]
[ribegatan.se/res/protokoll/Protokoll-2019-02-11.pdf]
[ribegatan.se/res/protokoll/Protokoll-2019-01-14.pdf]
[ribegatan.se/res/protokoll/Protokoll-2018-11-05.pdf]
[ribegatan.se/res/protokoll/Protokoll-2018-10-22.pdf]
[ribegatan.se/res/protokoll/Protokoll-2018-09-17.pdf]
[ribegatan.se/res/protokoll/Protokoll-2018-08-13.pdf]
[ribegatan.se/res/protokoll/Protokoll-2018-06-11.pdf]
[ribegatan.se/res/protokoll/Protokoll_2018-05-14.pdf]
[ribegatan.se/res/protokoll/Protokoll_2018-04-23.pdf]
[ribegatan.se/res/protokoll/Protokoll_2018-03-19.pdf]
[ribegatan.se/res/protokoll/Protokoll_2018-02-19.pdf]
[ribegatan.se/res/protokoll/Protokoll_2018-01-22.pdf]
[ribegatan.se/res/protokoll/Protokoll_konstituernade_2017-12-04.pdf]
[ribegatan.se/res/protokoll/Protokoll_2017-10-30.pdf]
[ribegatan.se/res/protokoll/Protokoll_2017-10-09.pdf]
[ribegatan.se/res/protokoll/Protokoll_2017-09-18.pdf]
[ribegatan.se/res/protokoll/Protokoll_2017-08-21.pdf]
[ribegatan.se/res/protokoll/Protokoll_2017-06-12.pdf]
[ribegatan.se/res/protokoll/Protokoll_2017-05-15.pdf]
[ribegatan.se/res/protokoll/Protokoll_2017-04-03.pdf]
[ribegatan.se/res/protokoll/Protokoll_2017-03-13.pdf]
[ribegatan.se/res/protokoll/Protokoll_2017-02-13.pdf]
[ribegatan.se/res/protokoll/Protokoll_2017-01-09.pdf]
[ribegatan.se/res/protokoll/Protolkoll_2016-12-05.pdf]
[ribegatan.se/res/protokoll/Protokoll_2016-10-31.pdf]
[ribegatan.se/res/protokoll/Protokoll_2016-10-17.pdf]
[ribegatan.se/res/protokoll/Protokoll_2016-09-12.pdf]
[ribegatan.se/res/protokoll/Protokoll_2016-08-15.pdf]
[ribegatan.se/res/protokoll/Protokoll_20160516-20160613.pdf]
[ribegatan.se/res/protokoll/Protokoll_2016-04-11.pdf]
[ribegatan.se/res/protokoll/Protokoll_2016-03-14.pdf]
[ribegatan.se/res/protokoll/Protokoll_2016-02-15.pdf]
[ribegatan.se/res/protokoll/Protokoll_2016-01-11.pdf]
[ribegatan.se/res/protokoll/Protokoll_konstituerande_2015-12-07.pdf]
[ribegatan.se/res/protokoll/Protokoll_2015-11-02.pdf]
[ribegatan.se/res/protokoll/Protokoll_2015-10-12.pdf]
[ribegatan.se/res/protokoll/Protokoll_2015-09-10.pdf]
[ribegatan.se/res/protokoll/Protokoll_2015-08-10.pdf]
[ribegatan.se/res/protokoll/Protokoll_2015-06-15.pdf]
[ribegatan.se/res/protokoll/Protokoll_2015-05-18.pdf]
[ribegatan.se/res/protokoll/Protokoll_2015-04-13.pdf]
[ribegatan.se/res/protokoll/Protokoll_2015-03-09.pdf]
[ribegatan.se/res/protokoll/Protokoll_2015-02-09.pdf]
[ribegatan.se/res/protokoll/Protokol_2015-01-12.pdf]
[ribegatan.se/res/protokoll/Protokoll-Konstituerande_2014-12-01.pdf]
[ribegatan.se/res/protokoll/Protokoll_2014-10-13.pdf]
[ribegatan.se/res/protokoll/Protokoll_2014-09-15.pdf]
[ribegatan.se/res/protokoll/Protokoll_2014-08-18.pdf]
[ribegatan.se/res/protokoll/Protokoll_2014-06-09.pdf]
[ribegatan.se/res/protokoll/Protokoll_2014-05-13.pdf]
[ribegatan.se/res/protokoll/Protokoll_2014-04-14.pdf]
[ribegatan.se/res/protokoll/Protokoll_2014-03-17.pdf]
[ribegatan.se/res/protokoll/Protokoll_2014-02-17.pdf]
[ribegatan.se/res/protokoll/Protokoll-2014-01-08.pdf]
[ribegatan.se/res/protokoll/Protokoll-2013-12-05-Konstituerande.pdf]
[ribegatan.se/res/protokoll/Protokoll-2013-10-28.pdf]
[ribegatan.se/res/protokoll/Protokoll-2013-10-07.pdf]
[ribegatan.se/res/protokoll/Protokoll-2013-09-09.pdf]
[ribegatan.se/res/protokoll/Protokoll-2013-08-12.pdf]
[ribegatan.se/res/protokoll/Protokoll-2013_06_18.pdf]
[ribegatan.se/res/protokoll/Protokoll-2013-05-20.pdf]
[ribegatan.se/res/protokoll/Protokoll-2013-04-11.pdf]
[ribegatan.se/res/protokoll/Protokoll-2013-03-11.pdf]
[ribegatan.se/res/protokoll/Protokoll-2013-02-11.pdf]
[ribegatan.se/res/protokoll/Protokoll-2013-01-14.pdf]
[ribegatan.se/res/protokoll/Protokoll_2012-12-20.pdf]
[ribegatan.se/res/protokoll/Protokoll-2012-10-16.pdf]
[ribegatan.se/res/protokoll/Protokoll-2012-09-18.pdf]
[ribegatan.se/res/protokoll/Protokoll-2012-08-21.pdf]
[ribegatan.se/res/protokoll/Protokoll-2012-06-12.pdf]
[ribegatan.se/res/protokoll/Protokoll-2012-04-17.pdf]
[ribegatan.se/res/protokoll/Protokoll-2012-03-20.pdf]
[ribegatan.se/res/protokoll/Protokoll-2012-02-21-justerat.pdf]
[ribegatan.se/res/protokoll/Protokoll-2012-01-17-justerat.pdf]
[ribegatan.se/res/protokoll/20111206_protokoll.pdf]
[ribegatan.se/res/protokoll/20111025_protokoll.pdf]
[ribegatan.se/res/protokoll/20110927_protokoll.pdf]
[ribegatan.se/res/protokoll/20110830_protokoll.pdf]
[ribegatan.se/res/protokoll/20110613_protokoll.pdf]
[ribegatan.se/res/protokoll/20110524_protokoll.pdf]
[ribegatan.se/res/protokoll/20110426_protokoll.pdf]
[ribegatan.se/res/protokoll/20110322_protokoll_ny.pdf]
[ribegatan.se/res/protokoll/20110215_protokoll_ny.pdf]
[ribegatan.se/res/protokoll/20110118_protokoll.pdf]
[ribegatan.se/res/protokoll/20101221_protokoll_ny.pdf]
[ribegatan.se/res/protokoll/20101102_protokoll.pdf]
[ribegatan.se/res/protokoll/20101018_protokoll_xtra.pdf]
[ribegatan.se/res/protokoll/20101005_protokoll.pdf]
[ribegatan.se/res/protokoll/20100907_protokoll.pdf]
[ribegatan.se/res/protokoll/20100817_protokoll.pdf]
[ribegatan.se/res/protokoll/20100601_protokoll.pdf]
[ribegatan.se/res/protokoll/20100504_protokoll.pdf]
[ribegatan.se/res/protokoll/20100330_protokoll.pdf]
[ribegatan.se/res/protokoll/20100302_protokoll.pdf]
[ribegatan.se/res/protokoll/20100202_protokoll.pdf]
[ribegatan.se/res/protokoll/20100112_styrelseprotokoll.pdf]
[ribegatan.se/res/protokoll/20091207_protokoll_konstit.pdf]
[ribegatan.se/res/protokoll/20091026_styrelseprotokollnr10_extra.pdf]
[ribegatan.se/res/protokoll/20091012_styrelseprootkoll.pdf]
[ribegatan.se/res/protokoll/20090915_styrelseprotokoll.pdf]
[ribegatan.se/res/protokoll/20090817_styrelseprotokoll.pdf]
[ribegatan.se/res/protokoll/20090608_styrelseprotokoll.pdf]
[ribegatan.se/res/protokoll/20090525_styrelseprotokoll.pdf]
[ribegatan.se/res/protokoll/20090512_styrelseprotokoll.pdf]
[ribegatan.se/res/protokoll/20090414_styrelseprotokoll.pdf]
[ribegatan.se/res/protokoll/20090316_styrelseprotokoll.pdf]
[ribegatan.se/res/protokoll/20090216_styrelsemote.pdf]
[ribegatan.se/res/Default/bakgrund.gif]
[ribegatan.se/res/protokoll/20090114_styrelsemote.pdf]
[ribegatan.se/res/protokoll/20081208_konstit_styrelsemote.pdf]
[ribegatan.se/res/protokoll/20081013_styrelseprot.pdf]
[ribegatan.se/res/protokoll/20080908_styrelseprotokoll.pdf]
[ribegatan.se/res/protokoll/20080818_protokoll.pdf]
[ribegatan.se/res/protokoll/20080609_styrelseprotokoll_red.pdf]
[ribegatan.se/res/protokoll/20080512_styrelseprotokoll.pdf]
[ribegatan.se/res/protokoll/20080414_styrelseprotokoll.pdf]
[ribegatan.se/res/protokoll/20080310_styrelseprotokoll.pdf]
[ribegatan.se/res/protokoll/20080211_styrelseprotokoll.pdf]
[ribegatan.se/res/protokoll/20080121_styrelseprotokoll.pdf]
[ribegatan.se/res/protokoll/20071217_styrelseprotokoll.pdf]
[ribegatan.se/res/protokoll/20071015_styrelseprotokoll.pdf]
[ribegatan.se/res/protokoll/20070917_styrelseprotokoll.pdf]
[ribegatan.se/res/protokoll/20070827_styrelseprotokoll.pdf]
[ribegatan.se/res/protokoll/20070611_styrelseprotokoll.pdf]
[ribegatan.se/res/protokoll/20070521_styrelseprotokoll.pdf]
[ribegatan.se/res/protokoll/20070416_styrelseprotokoll.pdf]
[ribegatan.se/res/protokoll/20070312_styrelseprotokoll.pdf]
[ribegatan.se/res/protokoll/20070115_styrelseprotokoll.pdf]
[ribegatan.se/Styrelseprotokoll.html]
[ribegatan.se/res/protokoll/20061212_styrelseprotokoll.pdf]
[ribegatan.se/img/gre/Knapp-2-Staemmoprotokoll_2.png]
[ribegatan.se/res/Stammoprotokoll/Protokoll-Extra-staemma-2024-05-06.pdf]
[ribegatan.se/res/Stammoprotokoll/Aarstaemmoprotokoll-2021-11-25.pdf]
[ribegatan.se/res/Stammoprotokoll/Protokoll-Aarsmoete_2014-11-27.pdf]
[ribegatan.se/res/Stammoprotokoll/Protokoll_aarsstaemma_2013.pdf]
[ribegatan.se/res/Stammoprotokoll/Aarsstaemmoprotokoll-2012-12-12.pdf]
[ribegatan.se/res/Stammoprotokoll/Protokoll-fraan-extra-foereningsstaemma-2012-09-30.pdf]
[ribegatan.se/res/Stammoprotokoll/20111124_arsmotesprotokoll.pdf]
[ribegatan.se/res/Stammoprotokoll/20101118_arsmotesprotokoll.pdf]
[ribegatan.se/res/Stammoprotokoll/20091125_arsmotesprotokoll.pdf]
[ribegatan.se/res/Stammoprotokoll/20081126_arsmotesprotokoll.pdf]
[ribegatan.se/res/Stammoprotokoll/20071129_arsmotesprotokoll.pdf]
[ribegatan.se/res/Stammoprotokoll/20061130_arsmotesprotokoll.pdf]
[ribegatan.se/res/Stammoprotokoll/20051201_arsmotesprotokoll.pdf]
[ribegatan.se/res/Stammoprotokoll/20041201_arsmotesprotokoll.pdf]
[ribegatan.se/Staemmoprotokoll.html]
[ribegatan.se/img/gre/Knapp-2-NyhetsbrevetRibeInfo_2.png]
[ribegatan.se/res/Ribeinfo/Ribe-info-2024-nr2.pdf]
[ribegatan.se/res/Ribeinfo/Ribe-info-nr1-2024.pdf]
[ribegatan.se/res/Ribeinfo/RibeInfo_1_2014.pdf]
[ribegatan.se/res/Ribeinfo/Ribe-info-2023-nr3.pdf]
[ribegatan.se/res/Ribeinfo/Ribe-info-nr2-2023.pdf]
[ribegatan.se/res/Ribeinfo/Ribeinfo-nr3-november-2022.pdf]
[ribegatan.se/res/Ribeinfo/Ribeinfo-nr2-2022.pdf]
[ribegatan.se/res/Ribeinfo/Ribeinfo-nr-1-feb-2022.pdf]
[ribegatan.se/res/Ribeinfo/Ribe-info-nr-4-2021.pdf]
[ribegatan.se/res/Ribeinfo/Ribeinfo-nr-3-2021.pdf]
[ribegatan.se/res/Ribeinfo/Ribeinfo-nr-2-2021.pdf]
[ribegatan.se/res/Ribeinfo/Ribe-info-nr1-2019.pdf]
[ribegatan.se/res/Ribeinfo/Ribe-info-1-2021.pdf]
[ribegatan.se/res/Ribeinfo/Ribe-Info-6-2020.pdf]
[ribegatan.se/res/Ribeinfo/Ribe-Info-5-2020.pdf]
[ribegatan.se/res/Ribeinfo/Ribe-info-nr-5-2018.pdf]
[ribegatan.se/res/Ribeinfo/Ribe-Info-4-2020.pdf]
[ribegatan.se/res/Ribeinfo/Ribe-Info-3-2020.pdf]
[ribegatan.se/res/Ribeinfo/Ribei-nfo-3-2018.pdf]
[ribegatan.se/res/Ribeinfo/Ribe-Info-2-2020.pdf]
[ribegatan.se/res/Ribeinfo/Ribe-info-1-2020.pdf]
[ribegatan.se/res/Ribeinfo/Ribe-info-4-2019.pdf]
[ribegatan.se/res/Ribeinfo/Ribe-info-3-2019.pdf]
[ribegatan.se/res/Ribeinfo/Ribe-info-4-2018.pdf]
[ribegatan.se/res/Ribeinfo/Ribe-info-3-2017.pdf]
[ribegatan.se/res/Ribeinfo/Ribeinfo-2-2017.pdf]
[ribegatan.se/res/Ribeinfo/Ribe-info-2-2018.pdf]
[ribegatan.se/res/Ribeinfo/RibeInfo_2_2014.pdf]
[ribegatan.se/res/Ribeinfo/Ribeinfo-1-2017.pdf]
[ribegatan.se/res/Ribeinfo/Ribe-info-1-2018.pdf]
[ribegatan.se/res/Ribeinfo/Ribeinfo-4-2016.pdf]
[ribegatan.se/res/Ribeinfo/Ribeinfo-3-2016.pdf]
[ribegatan.se/res/Ribeinfo/Ribe-Info-3_2013.pdf]
[ribegatan.se/res/Ribeinfo/Ribeinfo-2-2016.pdf]
[ribegatan.se/res/Ribeinfo/Ribeinfo-1-2016.pdf]
[ribegatan.se/res/Ribeinfo/Ribe-Info-1_2013.pdf]
[ribegatan.se/res/Ribeinfo/Ribeinfo-6-2015.pdf]
[ribegatan.se/res/Ribeinfo/Ribeinfo-5-2015.pdf]
[ribegatan.se/res/Ribeinfo/Ribeinfo-4-2015.pdf]
[ribegatan.se/res/Ribeinfo/Ribeinfo-3-2015.pdf]
[ribegatan.se/res/Ribeinfo/Ribeinfo-2-2015.pdf]
[ribegatan.se/res/Ribeinfo/Ribeinfo-1-2015.pdf]
[ribegatan.se/res/Ribeinfo/RibeNytt_1_2012.pdf]
[ribegatan.se/res/Ribeinfo/2011_3_ribeinfo.pdf]
[ribegatan.se/res/Ribeinfo/2011_2_ribeinfo.pdf]
[ribegatan.se/res/Ribeinfo/2011_1_ribeinfo.pdf]
[ribegatan.se/res/Ribeinfo/2010_4_ribeinfo.pdf]
[ribegatan.se/res/Ribeinfo/2010_3_ribeinfo.pdf]
[ribegatan.se/res/Ribeinfo/2010_2_ribeinfo.pdf]
[ribegatan.se/res/Ribeinfo/2010_1_ribeinfo.pdf]
[ribegatan.se/res/Ribeinfo/2009_9_ribeinfo.pdf]
[ribegatan.se/res/Ribeinfo/2009_8_ribeinfo.pdf]
[ribegatan.se/res/Ribeinfo/2009_7_ribeinfo.pdf]
[ribegatan.se/res/Ribeinfo/2009_6_ribeinfo.pdf]
[ribegatan.se/res/Ribeinfo/2009_5_ribeinfo.pdf]
[ribegatan.se/res/Ribeinfo/2009_4_ribeinfo.pdf]
[ribegatan.se/res/Ribeinfo/2009_3_ribeinfo.pdf]
[ribegatan.se/res/Ribeinfo/2009_2_ribeinfo.pdf]
[ribegatan.se/res/Ribeinfo/2009_1_ribeinfo.pdf]
[ribegatan.se/res/Ribeinfo/2008_4_ribeinfo_redigerad1.pdf]
[ribegatan.se/res/Ribeinfo/2008_3_ribeinfo.pdf]
[ribegatan.se/res/Ribeinfo/2008_2_ribeinfo.pdf]
[ribegatan.se/res/Ribeinfo/2008_1_ribeinfo.pdf]
[ribegatan.se/res/Ribeinfo/2007_5_ribeinfo.pdf]
[ribegatan.se/res/Ribeinfo/2007_4_ribeinfo.pdf]
[ribegatan.se/res/Ribeinfo/2007_3_ribeinfo.pdf]
[ribegatan.se/res/Ribeinfo/2007_2_ribeinfo.pdf]
[ribegatan.se/res/Ribeinfo/2007_1_ribeinfo.pdf]
[ribegatan.se/NyhetsbrevetRibeInfo.html]
[ribegatan.se/Bygglov.html]
[ribegatan.se/img/gre/Knapp-2-Styrelsemedlemmar-revisorer_2.png]
[ribegatan.se/Styrelsemedlemmar-revisorer.html]
[ribegatan.se/css/swLaenkar-Tips.html]
[ribegatan.se/img/gre/Knapp-2-Sophaemtning.png]
[ribegatan.se/Aatervinning.html]
[ribegatan.se/img/gre/Knapp-2-Aatervinning_2.png]
[ribegatan.se/histo_bild7.html]
[ribegatan.se/byggstartribe.html]
[ribegatan.se/histo_bild2.html]
[ribegatan.se/histo_bild3.html]
[ribegatan.se/histo_bild4.html]
[ribegatan.se/histo_bild5.html]
[ribegatan.se/histo_bild6.html]
[ribegatan.se/8_lekplats3.html]
[ribegatan.se/1_planritningribe3lekplats.html]
[ribegatan.se/2_lekplats3.html]
[ribegatan.se/3_lekplats3.html]
[ribegatan.se/4_lekplats3.html]
[ribegatan.se/5_lekplats3.html]
[ribegatan.se/6_lekplats3.html]
[ribegatan.se/7_lekplats3.html]
[ribegatan.se/css/swFoereningen.html]
[ribegatan.se/admin/sd_primo_servicesee91.php]
[ribegatan.se/admin/sd_primo_servicesc4e9.php]
[ribegatan.se/admin/sd_primo_services.php]
